**********************
Windows PowerShell 脚本开始
开始时间: 20230307192644
用户名: DESKTOP-SP5BHV2\wangjian
RunAs 用户: DESKTOP-SP5BHV2\wangjian
配置名称: 
计算机: DESKTOP-SP5BHV2 (Microsoft Windows NT 10.0.19044.0)
主机应用程序: C:\Windows\System32\WindowsPowerShell\v1.0\powershell.exe
进程 ID: 11760
PSVersion: 5.1.19041.2364
PSEdition: Desktop
PSCompatibleVersions: 1.0, 2.0, 3.0, 4.0, 5.0, 5.1.19041.2364
BuildVersion: 10.0.19041.2364
CLRVersion: 4.0.30319.42000
WSManStackVersion: 3.0
PSRemotingProtocolVersion: 2.3
SerializationVersion: 1.1.0.1
**********************
PS>. 'C:\Users\wangjian\Documents\WindowsPowerShell\Microsoft.PowerShell_profile.ps1'
PS C:\Windows\system32> Invoke-AtomicTest T1547.001-4 -Cleanup
PathToAtomicsFolder = C:\AtomicRedTeam\atomics
Executing cleanup for test:
T1547.001-4 Suspicious vbs file run from startup Folder

Done executing cleanup for test:
T1547.001-4 Suspicious vbs file run from startup Folder

PS C:\Windows\system32> Invoke-AtomicTest T1547.001-4 
PathToAtomicsFolder = C:\AtomicRedTeam\atomics
Executing test:
T1547.001-4 Suspicious vbs file run from startup Folder

Microsoft (R) Windows Script Host Version 5.812
版权所有(C) Microsoft Corporation。保留所有权利。
T1547.001 Hello, World VBS!
Microsoft (R) Windows Script Host Version 5.812
版权所有(C) Microsoft Corporation。保留所有权利。
T1547.001 Hello, World VBS!
Done executing test:
T1547.001-4 Suspicious vbs file run from startup Folder

PS C:\Windows\system32> Invoke-AtomicTest T1547.001-3 -Cleanup
PathToAtomicsFolder = C:\AtomicRedTeam\atomics
Executing cleanup for test:
T1547.001-3 PowerShell Registry RunOnce

Done executing cleanup for test:
T1547.001-3 PowerShell Registry RunOnce

PS C:\Windows\system32> Invoke-AtomicTest T1547.001-7  
PathToAtomicsFolder = C:\AtomicRedTeam\atomics
Executing test:
T1547.001-7 Add Executable Shortcut Link to User Startup Folder

Done executing test:
T1547.001-7 Add Executable Shortcut Link to User Startup Folder

PS C:\Windows\system32> Invoke-AtomicTest T1547.001-7   -Cl
PathToAtomicsFolder = C:\AtomicRedTeam\atomics
Executing cleanup for test:
T1547.001-7 Add Executable Shortcut Link to User Startup Folder

Done executing cleanup for test:
T1547.001-7 Add Executable Shortcut Link to User Startup Folder

PS C:\Windows\system32> TerminatingError(TabExpansion2):“无法将参数绑定到参数“inputScript”，因为该参数为空字符串。”
PS C:\Windows\system32> Invoke-AtomicTest T1547.001-7   -Cleanup
PathToAtomicsFolder = C:\AtomicRedTeam\atomics
Executing cleanup for test:
T1547.001-7 Add Executable Shortcut Link to User Startup Folder

Done executing cleanup for test:
T1547.001-7 Add Executable Shortcut Link to User Startup Folder

PS C:\Windows\system32> Invoke-AtomicTest T1055-1   -Cleanup
PathToAtomicsFolder = C:\AtomicRedTeam\atomics
Executing cleanup for test:
T1055-1 Shellcode execution via VBA

Done executing cleanup for test:
T1055-1 Shellcode execution via VBA

PS C:\Windows\system32> Invoke-AtomicTest T1055-1 
PathToAtomicsFolder = C:\AtomicRedTeam\atomics
Executing test:
T1055-1 Shellcode execution via VBA

New-Object : 检索 COM 类工厂中 CLSID 为 {00000000-0000-0000-0000-000000000000} 的组件失败，原因是出现以下错误: 80040154
 没有注册类 (异常来自 HRESULT:0x80040154 (REGDB_E_CLASSNOTREG))。
所在位置 行:70 字符: 12
+     $app = New-Object -ComObject "$officeProduct.Application"
 
    + FullyQualifiedErrorId : NoCOMClassIdentified,Microsoft.PowerShell.Commands.NewObjectCommand
    + CategoryInfo          : ResourceUnavailable: (:) [New-Object], COMException
+            ~~~~~~~~~~~~~~~~~~~~~~~~~~~~~~~~~~~~~~~~~~~~~~~~~~
New-Item : 指定路径下的注册表项不存在。
所在位置 行:73 字符: 34
+     if (-not (Test-Path $key)) { New-Item $Key }
+                                  ~~~~~~~~~~~~~
    + CategoryInfo          : InvalidArgument: (HKEY_CURRENT_US...oft\Office\Word:String) [New-Item]，ArgumentException
    + FullyQualifiedErrorId : System.ArgumentException,Microsoft.PowerShell.Commands.NewItemCommand
 
Set-ItemProperty : 找不到路径“HKCU:\Software\Microsoft\Office\Word\Security\”，因为该路径不存在。
所在位置 行:74 字符: 5
+     Set-ItemProperty -Path $Key -Name 'AccessVBOM' -Value 1
+     ~~~~~~~~~~~~~~~~~~~~~~~~~~~~~~~~~~~~~~~~~~~~~~~~~~~~~~~
    + CategoryInfo          : ObjectNotFound: (HKCU:\Software\...\Word\Security\:String) [Set-ItemProperty], ItemNotFo 
   undException
    + FullyQualifiedErrorId : PathNotFound,Microsoft.PowerShell.Commands.SetItemPropertyCommand
 
不能对 Null 值表达式调用方法。
所在位置 行:84 字符: 9
+         $doc = $app.Documents.Add()
+         ~~~~~~~~~~~~~~~~~~~~~~~~~~~
    + CategoryInfo          : InvalidOperation: (:) []，RuntimeException
    + FullyQualifiedErrorId : InvokeMethodOnNull
 
不能对 Null 值表达式调用方法。
所在位置 行:89 字符: 5
+     $comp = $doc.VBProject.VBComponents.Add(1)
+     ~~~~~~~~~~~~~~~~~~~~~~~~~~~~~~~~~~~~~~~~~~
    + CategoryInfo          : InvalidOperation: (:) []，RuntimeException
    + FullyQualifiedErrorId : InvokeMethodOnNull
 
不能对 Null 值表达式调用方法。
所在位置 行:90 字符: 5
+     $comp.CodeModule.AddFromString($macroCode)
+     ~~~~~~~~~~~~~~~~~~~~~~~~~~~~~~~~~~~~~~~~~~
    + CategoryInfo          : InvalidOperation: (:) []，RuntimeException
    + FullyQualifiedErrorId : InvokeMethodOnNull
 
不能对 Null 值表达式调用方法。
所在位置 行:91 字符: 5
+     $app.Run($sub)
+     ~~~~~~~~~~~~~~
    + CategoryInfo          : InvalidOperation: (:) []，RuntimeException
    + FullyQualifiedErrorId : InvokeMethodOnNull
 
不能对 Null 值表达式调用方法。
所在位置 行:92 字符: 5
+     $doc.Close(0)
+     ~~~~~~~~~~~~~
    + CategoryInfo          : InvalidOperation: (:) []，RuntimeException
    + FullyQualifiedErrorId : InvokeMethodOnNull
 
不能对 Null 值表达式调用方法。
所在位置 行:93 字符: 5
+     $app.Quit()
+     ~~~~~~~~~~~
    + CategoryInfo          : InvalidOperation: (:) []，RuntimeException
    + FullyQualifiedErrorId : InvokeMethodOnNull
 
使用“1”个参数调用“ReleaseComObject”时发生异常:“未将对象引用设置到对象的实例。”
所在位置 行:94 字符: 5
+     [System.Runtime.InteropServices.Marshal]::ReleaseComObject($comp) ...
+     ~~~~~~~~~~~~~~~~~~~~~~~~~~~~~~~~~~~~~~~~~~~~~~~~~~~~~~~~~~~~~~~~~
    + CategoryInfo          : NotSpecified: (:) [], MethodInvocationException
    + FullyQualifiedErrorId : NullReferenceException
 
使用“1”个参数调用“ReleaseComObject”时发生异常:“未将对象引用设置到对象的实例。”
所在位置 行:95 字符: 5
+     [System.Runtime.InteropServices.Marshal]::ReleaseComObject($doc)  ...
+     ~~~~~~~~~~~~~~~~~~~~~~~~~~~~~~~~~~~~~~~~~~~~~~~~~~~~~~~~~~~~~~~~~
    + CategoryInfo          : NotSpecified: (:) [], MethodInvocationException
    + FullyQualifiedErrorId : NullReferenceException
 
使用“1”个参数调用“ReleaseComObject”时发生异常:“未将对象引用设置到对象的实例。”
所在位置 行:96 字符: 5
+     [System.Runtime.InteropServices.Marshal]::ReleaseComObject($app)  ...
+     ~~~~~~~~~~~~~~~~~~~~~~~~~~~~~~~~~~~~~~~~~~~~~~~~~~~~~~~~~~~~~~~~~
    + CategoryInfo          : NotSpecified: (:) [], MethodInvocationException
    + FullyQualifiedErrorId : NullReferenceException
Done executing test:
T1055-1 Shellcode execution via VBA

PS C:\Windows\system32> Invoke-AtomicTest T1055-1 -Cleanup
PathToAtomicsFolder = C:\AtomicRedTeam\atomics
Executing cleanup for test:
T1055-1 Shellcode execution via VBA

Done executing cleanup for test:
T1055-1 Shellcode execution via VBA

PS C:\Windows\system32> Invoke-AtomicTest T1055-2
PathToAtomicsFolder = C:\AtomicRedTeam\atomics
Executing test:
T1055-2 Remote Process Injection in LSASS via mimikatz

系统找不到指定的路径。
Done executing test:
T1055-2 Remote Process Injection in LSASS via mimikatz

PS C:\Windows\system32> Invoke-AtomicTest T1055-3
PathToAtomicsFolder = C:\AtomicRedTeam\atomics
PS C:\Windows\system32> Invoke-AtomicTest T1055-3
PathToAtomicsFolder = C:\AtomicRedTeam\atomics
PS C:\Windows\system32> Invoke-AtomicTest T1055-3 -Cleanup
PathToAtomicsFolder = C:\AtomicRedTeam\atomics
PS C:\Windows\system32> Invoke-AtomicTest T1055-3 -Cleanup
PathToAtomicsFolder = C:\AtomicRedTeam\atomics
PS C:\Windows\system32> Invoke-AtomicTest T1055-3
PathToAtomicsFolder = C:\AtomicRedTeam\atomics
